---
source: tests/libsml-testing.rs
assertion_line: 80
expression: s
input_file: tests/libsml-testing/EMH_eHZ361L5R_1.bin
---
Ok(202)

