---
source: tests/libsml-testing.rs
assertion_line: 80
expression: s
input_file: tests/libsml-testing/EMH-ED300L_delivery.bin
---
Err(DiscardedBytes(1420))
Ok(299)
Ok(299)
Err(DiscardedBytes(2028))
Err(DiscardedBytes(16))

