---
source: tests/libsml-testing.rs
assertion_line: 80
expression: s
input_file: tests/libsml-testing/DZG_DVS-7412.2_jmberg.bin
---
Ok(239)

