---
source: tests/libsml-testing.rs
assertion_line: 80
expression: s
input_file: tests/libsml-testing/DZG_DVS-7420.2V.G2_mtr1.bin
---
Ok(281)
Ok(281)
Ok(281)
Ok(281)
Err(DiscardedBytes(82))

