---
source: tests/libsml-testing.rs
expression: s
input_file: tests/libsml-testing/ISKRA_MT631-D2A51-V22-K0z_with_PIN.bin
---
PowerMeterTransmission:
  server_id: [10, 1, 73, 83, 75, 0, 4, 84, 169, 95]
  time: Some(107341989)
  values:
    1-0:1.8.0 = 16824856.5 Wh
    1-0:1.8.1 = 4592.3 Wh
    1-0:1.8.2 = 16820264.2 Wh
    1-0:16.7.0 = 0 W
PowerMeterTransmission:
  server_id: [10, 1, 73, 83, 75, 0, 4, 84, 169, 95]
  time: Some(107341990)
  values:
    1-0:1.8.0 = 16824856.5 Wh
    1-0:1.8.1 = 4592.3 Wh
    1-0:1.8.2 = 16820264.2 Wh
    1-0:16.7.0 = 0 W
PowerMeterTransmission:
  server_id: [10, 1, 73, 83, 75, 0, 4, 84, 169, 95]
  time: Some(107341991)
  values:
    1-0:1.8.0 = 16824856.5 Wh
    1-0:1.8.1 = 4592.3 Wh
    1-0:1.8.2 = 16820264.2 Wh
    1-0:16.7.0 = 0 W
PowerMeterTransmission:
  server_id: [10, 1, 73, 83, 75, 0, 4, 84, 169, 95]
  time: Some(107341992)
  values:
    1-0:1.8.0 = 16824856.5 Wh
    1-0:1.8.1 = 4592.3 Wh
    1-0:1.8.2 = 16820264.2 Wh
    1-0:16.7.0 = 0 W

