---
source: tests/libsml-testing.rs
assertion_line: 80
expression: s
input_file: tests/libsml-testing/HOLLEY_DTZ541-BDBA_without_PIN.bin
---
Ok(196)

