---
source: tests/libsml-testing.rs
assertion_line: 80
expression: s
input_file: tests/libsml-testing/ISKRA_MT631-D2A51-V22-K0z_without_PIN.bin
---
Ok(214)
Ok(214)

